[debug] [2025-05-04T18:14:18.313Z] ----------------------------------------------------------------------
[debug] [2025-05-04T18:14:18.316Z] Command:       C:\Program Files\nodejs\node.exe C:\npm-global\node_modules\firebase-tools\lib\bin\firebase.js init
[debug] [2025-05-04T18:14:18.317Z] CLI Version:   14.2.2
[debug] [2025-05-04T18:14:18.317Z] Platform:      win32
[debug] [2025-05-04T18:14:18.317Z] Node Version:  v22.14.0
[debug] [2025-05-04T18:14:18.318Z] Time:          Sun May 04 2025 15:14:18 GMT-0300 (Horário Padrão de Brasília)
[debug] [2025-05-04T18:14:18.318Z] ----------------------------------------------------------------------
[debug] 
[debug] [2025-05-04T18:14:18.557Z] > command requires scopes: ["email","openid","https://www.googleapis.com/auth/cloudplatformprojects.readonly","https://www.googleapis.com/auth/firebase","https://www.googleapis.com/auth/cloud-platform"]
[debug] [2025-05-04T18:14:18.557Z] > authorizing via signed-in user (davi.poderoso1234567@gmail.com)
[info] 
     ######## #### ########  ######## ########     ###     ######  ########
     ##        ##  ##     ## ##       ##     ##  ##   ##  ##       ##
     ######    ##  ########  ######   ########  #########  ######  ######
     ##        ##  ##    ##  ##       ##     ## ##     ##       ## ##
     ##       #### ##     ## ######## ########  ##     ##  ######  ########

You're about to initialize a Firebase project in this directory:

  C:\Users\davir\Music\RcSchool\RcSchool

Before we get started, keep in mind:

  * You are initializing within an existing Firebase project directory

